
Circuit 1 cell sky130_fd_pr__nfet_01v8 and Circuit 2 cell sky130_fd_pr__nfet_01v8 are black boxes.
Warning: Equate pins:  cell sky130_fd_pr__nfet_01v8 is a placeholder, treated as a black box.
Warning: Equate pins:  cell sky130_fd_pr__nfet_01v8 is a placeholder, treated as a black box.

Subcircuit pins:
Circuit 1: sky130_fd_pr__nfet_01v8         |Circuit 2: sky130_fd_pr__nfet_01v8         
-------------------------------------------|-------------------------------------------
1                                          |1                                          
2                                          |2                                          
3                                          |3                                          
4                                          |4                                          
---------------------------------------------------------------------------------------
Cell pin lists are equivalent.
Device classes sky130_fd_pr__nfet_01v8 and sky130_fd_pr__nfet_01v8 are equivalent.

Circuit 1 cell sky130_fd_pr__pfet_01v8 and Circuit 2 cell sky130_fd_pr__pfet_01v8 are black boxes.
Warning: Equate pins:  cell sky130_fd_pr__pfet_01v8 is a placeholder, treated as a black box.
Warning: Equate pins:  cell sky130_fd_pr__pfet_01v8 is a placeholder, treated as a black box.

Subcircuit pins:
Circuit 1: sky130_fd_pr__pfet_01v8         |Circuit 2: sky130_fd_pr__pfet_01v8         
-------------------------------------------|-------------------------------------------
1                                          |1                                          
2                                          |2                                          
3                                          |3                                          
4                                          |4                                          
---------------------------------------------------------------------------------------
Cell pin lists are equivalent.
Device classes sky130_fd_pr__pfet_01v8 and sky130_fd_pr__pfet_01v8 are equivalent.

Circuit 1 cell sky130_fd_pr__res_high_po and Circuit 2 cell sky130_fd_pr__res_high_po are black boxes.
Warning: Equate pins:  cell sky130_fd_pr__res_high_po is a placeholder, treated as a black box.
Warning: Equate pins:  cell sky130_fd_pr__res_high_po is a placeholder, treated as a black box.

Subcircuit pins:
Circuit 1: sky130_fd_pr__res_high_po       |Circuit 2: sky130_fd_pr__res_high_po       
-------------------------------------------|-------------------------------------------
1                                          |1                                          
2                                          |2                                          
3                                          |3                                          
---------------------------------------------------------------------------------------
Cell pin lists are equivalent.
Device classes sky130_fd_pr__res_high_po and sky130_fd_pr__res_high_po are equivalent.

Circuit 1 cell sky130_fd_pr__pfet_01v8_lvt and Circuit 2 cell sky130_fd_pr__pfet_01v8_lvt are black boxes.
Warning: Equate pins:  cell sky130_fd_pr__pfet_01v8_lvt is a placeholder, treated as a black box.
Warning: Equate pins:  cell sky130_fd_pr__pfet_01v8_lvt is a placeholder, treated as a black box.

Subcircuit pins:
Circuit 1: sky130_fd_pr__pfet_01v8_lvt     |Circuit 2: sky130_fd_pr__pfet_01v8_lvt     
-------------------------------------------|-------------------------------------------
1                                          |1                                          
2                                          |2                                          
3                                          |3                                          
4                                          |4                                          
---------------------------------------------------------------------------------------
Cell pin lists are equivalent.
Device classes sky130_fd_pr__pfet_01v8_lvt and sky130_fd_pr__pfet_01v8_lvt are equivalent.

Circuit 1 cell sky130_fd_pr__cap_mim_m3_1 and Circuit 2 cell sky130_fd_pr__cap_mim_m3_1 are black boxes.
Warning: Equate pins:  cell sky130_fd_pr__cap_mim_m3_1 is a placeholder, treated as a black box.
Warning: Equate pins:  cell sky130_fd_pr__cap_mim_m3_1 is a placeholder, treated as a black box.

Subcircuit pins:
Circuit 1: sky130_fd_pr__cap_mim_m3_1      |Circuit 2: sky130_fd_pr__cap_mim_m3_1      
-------------------------------------------|-------------------------------------------
1                                          |1                                          
2                                          |2                                          
---------------------------------------------------------------------------------------
Cell pin lists are equivalent.
Device classes sky130_fd_pr__cap_mim_m3_1 and sky130_fd_pr__cap_mim_m3_1 are equivalent.

Circuit 1 cell sky130_fd_pr__pnp_05v5_W3p40L3p40 and Circuit 2 cell sky130_fd_pr__pnp_05v5_W3p40L3p40 are black boxes.
Warning: Equate pins:  cell sky130_fd_pr__pnp_05v5_W3p40L3p40 is a placeholder, treated as a black box.
Warning: Equate pins:  cell sky130_fd_pr__pnp_05v5_W3p40L3p40 is a placeholder, treated as a black box.

Subcircuit pins:
Circuit 1: sky130_fd_pr__pnp_05v5_W3p40L3p |Circuit 2: sky130_fd_pr__pnp_05v5_W3p40L3p 
-------------------------------------------|-------------------------------------------
1                                          |1                                          
2                                          |2                                          
3                                          |3                                          
---------------------------------------------------------------------------------------
Cell pin lists are equivalent.
Device classes sky130_fd_pr__pnp_05v5_W3p40L3p40 and sky130_fd_pr__pnp_05v5_W3p40L3p40 are equivalent.

Circuit 1 cell sky130_fd_pr__diode_pw2nd_05v5 and Circuit 2 cell sky130_fd_pr__diode_pw2nd_05v5 are black boxes.
Warning: Equate pins:  cell sky130_fd_pr__diode_pw2nd_05v5 is a placeholder, treated as a black box.
Warning: Equate pins:  cell sky130_fd_pr__diode_pw2nd_05v5 is a placeholder, treated as a black box.

Subcircuit pins:
Circuit 1: sky130_fd_pr__diode_pw2nd_05v5  |Circuit 2: sky130_fd_pr__diode_pw2nd_05v5  
-------------------------------------------|-------------------------------------------
1                                          |1                                          
2                                          |2                                          
---------------------------------------------------------------------------------------
Cell pin lists are equivalent.
Device classes sky130_fd_pr__diode_pw2nd_05v5 and sky130_fd_pr__diode_pw2nd_05v5 are equivalent.
Flattening unmatched subcell LELO_TEMP in circuit tt_um_lelo_temp_wulffern (1)(1 instance)
Flattening unmatched subcell LELOTEMP_BIAS_IBP in circuit tt_um_lelo_temp_wulffern (1)(1 instance)
Flattening unmatched subcell REYATR_PCH_4C5F0 in circuit tt_um_lelo_temp_wulffern (1)(26 instances)
Flattening unmatched subcell REYATR_CAPX1 in circuit tt_um_lelo_temp_wulffern (1)(13 instances)
Flattening unmatched subcell LELOTEMP_OTAR in circuit tt_um_lelo_temp_wulffern (1)(1 instance)
Flattening unmatched subcell REYATR_NCH_4C5F0 in circuit tt_um_lelo_temp_wulffern (1)(19 instances)
Flattening unmatched subcell REYATR_PCH_11C5F0 in circuit tt_um_lelo_temp_wulffern (1)(6 instances)
Flattening unmatched subcell REYATR_RES_36C2F0 in circuit tt_um_lelo_temp_wulffern (1)(8 instances)
Flattening unmatched subcell REYATR_PCH_4C1F2 in circuit tt_um_lelo_temp_wulffern (1)(19 instances)
Flattening unmatched subcell REYATR_LVT_PCH_11C5F0 in circuit tt_um_lelo_temp_wulffern (1)(12 instances)
Flattening unmatched subcell LELOTEMP_BIPOLAR in circuit tt_um_lelo_temp_wulffern (1)(1 instance)
Flattening unmatched subcell REYATR_PCH_2C5F0 in circuit tt_um_lelo_temp_wulffern (1)(13 instances)
Flattening unmatched subcell JNWTR_IVX1_CV in circuit tt_um_lelo_temp_wulffern (1)(2 instances)
Flattening unmatched subcell JNWTR_NCHDL in circuit tt_um_lelo_temp_wulffern (1)(2 instances)
Flattening unmatched subcell JNWTR_PCHDL in circuit tt_um_lelo_temp_wulffern (1)(2 instances)
Flattening unmatched subcell JNWTR_TAPCELLB_CV in circuit tt_um_lelo_temp_wulffern (1)(2 instances)
Flattening unmatched subcell JNWTR_NCHDL in circuit tt_um_lelo_temp_wulffern (1)(2 instances)
Flattening unmatched subcell JNWTR_PCHDL in circuit tt_um_lelo_temp_wulffern (1)(2 instances)
Flattening unmatched subcell REYTR_ANTX1_CV in circuit tt_um_lelo_temp_wulffern (1)(2 instances)
Flattening unmatched subcell JNWTR_NRX1_CV in circuit tt_um_lelo_temp_wulffern (1)(2 instances)
Flattening unmatched subcell JNWTR_NCHDL in circuit tt_um_lelo_temp_wulffern (1)(4 instances)
Flattening unmatched subcell JNWTR_PCHDL in circuit tt_um_lelo_temp_wulffern (1)(4 instances)
Flattening unmatched subcell JNWTR_BFX1_CV in circuit tt_um_lelo_temp_wulffern (1)(2 instances)
Flattening unmatched subcell JNWTR_NCHDL in circuit tt_um_lelo_temp_wulffern (1)(4 instances)
Flattening unmatched subcell JNWTR_PCHDL in circuit tt_um_lelo_temp_wulffern (1)(4 instances)
Flattening unmatched subcell JNWTR_ORX1_CV in circuit tt_um_lelo_temp_wulffern (1)(1 instance)
Flattening unmatched subcell JNWTR_NRX1_CV in circuit tt_um_lelo_temp_wulffern (1)(1 instance)
Flattening unmatched subcell JNWTR_NCHDL in circuit tt_um_lelo_temp_wulffern (1)(2 instances)
Flattening unmatched subcell JNWTR_PCHDL in circuit tt_um_lelo_temp_wulffern (1)(2 instances)
Flattening unmatched subcell JNWTR_IVX1_CV in circuit tt_um_lelo_temp_wulffern (1)(1 instance)
Flattening unmatched subcell JNWTR_NCHDL in circuit tt_um_lelo_temp_wulffern (1)(1 instance)
Flattening unmatched subcell JNWTR_PCHDL in circuit tt_um_lelo_temp_wulffern (1)(1 instance)
Flattening unmatched subcell LELOTEMP_CCMPR in circuit tt_um_lelo_temp_wulffern (1)(2 instances)
Flattening unmatched subcell JNWTR_CAPX1 in circuit tt_um_lelo_temp_wulffern (1)(10 instances)
Flattening unmatched subcell LELOTEMP_CMPR in circuit tt_um_lelo_temp_wulffern (1)(2 instances)
Flattening unmatched subcell REYATR_NCH_2C5F0 in circuit tt_um_lelo_temp_wulffern (1)(26 instances)
Flattening unmatched subcell REYATR_PCH_2C5F0 in circuit tt_um_lelo_temp_wulffern (1)(12 instances)
Flattening unmatched subcell REYATR_NCH_2C1F2 in circuit tt_um_lelo_temp_wulffern (1)(2 instances)
Flattening unmatched subcell REYATR_LVT_PCH_8C5F0 in circuit tt_um_lelo_temp_wulffern (1)(12 instances)

Cell tt_um_lelo_temp_wulffern (0) disconnected node: ui_in<7>
Cell tt_um_lelo_temp_wulffern (0) disconnected node: ui_in<6>
Cell tt_um_lelo_temp_wulffern (0) disconnected node: ui_in<5>
Cell tt_um_lelo_temp_wulffern (0) disconnected node: ui_in<4>
Cell tt_um_lelo_temp_wulffern (0) disconnected node: ui_in<3>
Cell tt_um_lelo_temp_wulffern (0) disconnected node: ui_in<2>
Cell tt_um_lelo_temp_wulffern (0) disconnected node: ui_in<1>
Cell tt_um_lelo_temp_wulffern (0) disconnected node: uio_in<7>
Cell tt_um_lelo_temp_wulffern (0) disconnected node: uio_in<6>
Cell tt_um_lelo_temp_wulffern (0) disconnected node: uio_in<5>
Cell tt_um_lelo_temp_wulffern (0) disconnected node: uio_in<4>
Cell tt_um_lelo_temp_wulffern (0) disconnected node: uio_in<3>
Cell tt_um_lelo_temp_wulffern (0) disconnected node: uio_in<2>
Cell tt_um_lelo_temp_wulffern (0) disconnected node: uio_in<1>
Cell tt_um_lelo_temp_wulffern (0) disconnected node: uio_in<0>
Cell tt_um_lelo_temp_wulffern (0) disconnected node: ena
Cell tt_um_lelo_temp_wulffern (0) disconnected node: rst_n
Cell tt_um_lelo_temp_wulffern (0) disconnected node: clk
Cell tt_um_lelo_temp_wulffern (0) disconnected node: uo_out<7>
Cell tt_um_lelo_temp_wulffern (0) disconnected node: uo_out<6>
Cell tt_um_lelo_temp_wulffern (0) disconnected node: uo_out<5>
Cell tt_um_lelo_temp_wulffern (0) disconnected node: uo_out<4>
Cell tt_um_lelo_temp_wulffern (0) disconnected node: uo_out<3>
Cell tt_um_lelo_temp_wulffern (0) disconnected node: uo_out<2>
Cell tt_um_lelo_temp_wulffern (0) disconnected node: uo_out<1>
Cell tt_um_lelo_temp_wulffern (0) disconnected node: uio_out<7>
Cell tt_um_lelo_temp_wulffern (0) disconnected node: uio_out<6>
Cell tt_um_lelo_temp_wulffern (0) disconnected node: uio_out<5>
Cell tt_um_lelo_temp_wulffern (0) disconnected node: uio_out<4>
Cell tt_um_lelo_temp_wulffern (0) disconnected node: uio_out<3>
Cell tt_um_lelo_temp_wulffern (0) disconnected node: uio_out<2>
Cell tt_um_lelo_temp_wulffern (0) disconnected node: uio_out<1>
Cell tt_um_lelo_temp_wulffern (0) disconnected node: uio_out<0>
Cell tt_um_lelo_temp_wulffern (1) disconnected node: ui_in[7]
Cell tt_um_lelo_temp_wulffern (1) disconnected node: ui_in[6]
Cell tt_um_lelo_temp_wulffern (1) disconnected node: ui_in[5]
Cell tt_um_lelo_temp_wulffern (1) disconnected node: ui_in[4]
Cell tt_um_lelo_temp_wulffern (1) disconnected node: ui_in[3]
Cell tt_um_lelo_temp_wulffern (1) disconnected node: ui_in[2]
Cell tt_um_lelo_temp_wulffern (1) disconnected node: ui_in[1]
Cell tt_um_lelo_temp_wulffern (1) disconnected node: uio_in[7]
Cell tt_um_lelo_temp_wulffern (1) disconnected node: uio_in[6]
Cell tt_um_lelo_temp_wulffern (1) disconnected node: uio_in[5]
Cell tt_um_lelo_temp_wulffern (1) disconnected node: uio_in[4]
Cell tt_um_lelo_temp_wulffern (1) disconnected node: uio_in[3]
Cell tt_um_lelo_temp_wulffern (1) disconnected node: uio_in[2]
Cell tt_um_lelo_temp_wulffern (1) disconnected node: uio_in[1]
Cell tt_um_lelo_temp_wulffern (1) disconnected node: uio_in[0]
Cell tt_um_lelo_temp_wulffern (1) disconnected node: ena
Cell tt_um_lelo_temp_wulffern (1) disconnected node: rst_n
Cell tt_um_lelo_temp_wulffern (1) disconnected node: clk
Cell tt_um_lelo_temp_wulffern (1) disconnected node: uo_out[7]
Cell tt_um_lelo_temp_wulffern (1) disconnected node: uo_out[6]
Cell tt_um_lelo_temp_wulffern (1) disconnected node: uo_out[5]
Cell tt_um_lelo_temp_wulffern (1) disconnected node: uo_out[4]
Cell tt_um_lelo_temp_wulffern (1) disconnected node: uo_out[3]
Cell tt_um_lelo_temp_wulffern (1) disconnected node: uo_out[2]
Cell tt_um_lelo_temp_wulffern (1) disconnected node: uo_out[1]
Cell tt_um_lelo_temp_wulffern (1) disconnected node: uio_out[7]
Cell tt_um_lelo_temp_wulffern (1) disconnected node: uio_out[6]
Cell tt_um_lelo_temp_wulffern (1) disconnected node: uio_out[5]
Cell tt_um_lelo_temp_wulffern (1) disconnected node: uio_out[4]
Cell tt_um_lelo_temp_wulffern (1) disconnected node: uio_out[3]
Cell tt_um_lelo_temp_wulffern (1) disconnected node: uio_out[2]
Cell tt_um_lelo_temp_wulffern (1) disconnected node: uio_out[1]
Cell tt_um_lelo_temp_wulffern (1) disconnected node: uio_out[0]
Class tt_um_lelo_temp_wulffern (0):  Merged 249 parallel devices.
Class tt_um_lelo_temp_wulffern (0):  Merged 14 series devices.
Class tt_um_lelo_temp_wulffern (1):  Merged 102 parallel devices.
Class tt_um_lelo_temp_wulffern (1):  Merged 14 series devices.
Cell tt_um_lelo_temp_wulffern (0) disconnected node: ui_in<7>
Cell tt_um_lelo_temp_wulffern (0) disconnected node: ui_in<6>
Cell tt_um_lelo_temp_wulffern (0) disconnected node: ui_in<5>
Cell tt_um_lelo_temp_wulffern (0) disconnected node: ui_in<4>
Cell tt_um_lelo_temp_wulffern (0) disconnected node: ui_in<3>
Cell tt_um_lelo_temp_wulffern (0) disconnected node: ui_in<2>
Cell tt_um_lelo_temp_wulffern (0) disconnected node: ui_in<1>
Cell tt_um_lelo_temp_wulffern (0) disconnected node: uio_in<7>
Cell tt_um_lelo_temp_wulffern (0) disconnected node: uio_in<6>
Cell tt_um_lelo_temp_wulffern (0) disconnected node: uio_in<5>
Cell tt_um_lelo_temp_wulffern (0) disconnected node: uio_in<4>
Cell tt_um_lelo_temp_wulffern (0) disconnected node: uio_in<3>
Cell tt_um_lelo_temp_wulffern (0) disconnected node: uio_in<2>
Cell tt_um_lelo_temp_wulffern (0) disconnected node: uio_in<1>
Cell tt_um_lelo_temp_wulffern (0) disconnected node: uio_in<0>
Cell tt_um_lelo_temp_wulffern (0) disconnected node: ena
Cell tt_um_lelo_temp_wulffern (0) disconnected node: rst_n
Cell tt_um_lelo_temp_wulffern (0) disconnected node: clk
Cell tt_um_lelo_temp_wulffern (0) disconnected node: uo_out<7>
Cell tt_um_lelo_temp_wulffern (0) disconnected node: uo_out<6>
Cell tt_um_lelo_temp_wulffern (0) disconnected node: uo_out<5>
Cell tt_um_lelo_temp_wulffern (0) disconnected node: uo_out<4>
Cell tt_um_lelo_temp_wulffern (0) disconnected node: uo_out<3>
Cell tt_um_lelo_temp_wulffern (0) disconnected node: uo_out<2>
Cell tt_um_lelo_temp_wulffern (0) disconnected node: uo_out<1>
Cell tt_um_lelo_temp_wulffern (0) disconnected node: uio_out<7>
Cell tt_um_lelo_temp_wulffern (0) disconnected node: uio_out<6>
Cell tt_um_lelo_temp_wulffern (0) disconnected node: uio_out<5>
Cell tt_um_lelo_temp_wulffern (0) disconnected node: uio_out<4>
Cell tt_um_lelo_temp_wulffern (0) disconnected node: uio_out<3>
Cell tt_um_lelo_temp_wulffern (0) disconnected node: uio_out<2>
Cell tt_um_lelo_temp_wulffern (0) disconnected node: uio_out<1>
Cell tt_um_lelo_temp_wulffern (0) disconnected node: uio_out<0>
Cell tt_um_lelo_temp_wulffern (1) disconnected node: ui_in[7]
Cell tt_um_lelo_temp_wulffern (1) disconnected node: ui_in[6]
Cell tt_um_lelo_temp_wulffern (1) disconnected node: ui_in[5]
Cell tt_um_lelo_temp_wulffern (1) disconnected node: ui_in[4]
Cell tt_um_lelo_temp_wulffern (1) disconnected node: ui_in[3]
Cell tt_um_lelo_temp_wulffern (1) disconnected node: ui_in[2]
Cell tt_um_lelo_temp_wulffern (1) disconnected node: ui_in[1]
Cell tt_um_lelo_temp_wulffern (1) disconnected node: uio_in[7]
Cell tt_um_lelo_temp_wulffern (1) disconnected node: uio_in[6]
Cell tt_um_lelo_temp_wulffern (1) disconnected node: uio_in[5]
Cell tt_um_lelo_temp_wulffern (1) disconnected node: uio_in[4]
Cell tt_um_lelo_temp_wulffern (1) disconnected node: uio_in[3]
Cell tt_um_lelo_temp_wulffern (1) disconnected node: uio_in[2]
Cell tt_um_lelo_temp_wulffern (1) disconnected node: uio_in[1]
Cell tt_um_lelo_temp_wulffern (1) disconnected node: uio_in[0]
Cell tt_um_lelo_temp_wulffern (1) disconnected node: ena
Cell tt_um_lelo_temp_wulffern (1) disconnected node: rst_n
Cell tt_um_lelo_temp_wulffern (1) disconnected node: clk
Cell tt_um_lelo_temp_wulffern (1) disconnected node: uo_out[7]
Cell tt_um_lelo_temp_wulffern (1) disconnected node: uo_out[6]
Cell tt_um_lelo_temp_wulffern (1) disconnected node: uo_out[5]
Cell tt_um_lelo_temp_wulffern (1) disconnected node: uo_out[4]
Cell tt_um_lelo_temp_wulffern (1) disconnected node: uo_out[3]
Cell tt_um_lelo_temp_wulffern (1) disconnected node: uo_out[2]
Cell tt_um_lelo_temp_wulffern (1) disconnected node: uo_out[1]
Cell tt_um_lelo_temp_wulffern (1) disconnected node: uio_out[7]
Cell tt_um_lelo_temp_wulffern (1) disconnected node: uio_out[6]
Cell tt_um_lelo_temp_wulffern (1) disconnected node: uio_out[5]
Cell tt_um_lelo_temp_wulffern (1) disconnected node: uio_out[4]
Cell tt_um_lelo_temp_wulffern (1) disconnected node: uio_out[3]
Cell tt_um_lelo_temp_wulffern (1) disconnected node: uio_out[2]
Cell tt_um_lelo_temp_wulffern (1) disconnected node: uio_out[1]
Cell tt_um_lelo_temp_wulffern (1) disconnected node: uio_out[0]
Subcircuit summary:
Circuit 1: tt_um_lelo_temp_wulffern        |Circuit 2: tt_um_lelo_temp_wulffern        
-------------------------------------------|-------------------------------------------
sky130_fd_pr__pfet_01v8_lvt (48->9)        |sky130_fd_pr__pfet_01v8_lvt (24->9)        
sky130_fd_pr__nfet_01v8 (109->44)          |sky130_fd_pr__nfet_01v8 (62->44)           
sky130_fd_pr__pfet_01v8 (167->48)          |sky130_fd_pr__pfet_01v8 (91->48)           
sky130_fd_pr__cap_mim_m3_1 (23->4)         |sky130_fd_pr__cap_mim_m3_1 (23->4)         
sky130_fd_pr__res_high_po (16->2)          |sky130_fd_pr__res_high_po (16->2)          
sky130_fd_pr__res_generic_m4 (8)           |sky130_fd_pr__res_generic_m4 (8)           
sky130_fd_pr__pnp_05v5_W3p40L3p40 (9->2)   |sky130_fd_pr__pnp_05v5_W3p40L3p40 (9->2)   
sky130_fd_pr__diode_pw2nd_05v5 (3)         |sky130_fd_pr__diode_pw2nd_05v5 (3)         
Number of devices: 120                     |Number of devices: 120                     
Number of nets: 61                         |Number of nets: 61                         
---------------------------------------------------------------------------------------
Resolving symmetries by property value.
Resolving symmetries by pin name.
Netlists match uniquely.

Subcircuit pins:
Circuit 1: tt_um_lelo_temp_wulffern        |Circuit 2: tt_um_lelo_temp_wulffern        
-------------------------------------------|-------------------------------------------
uio_oe<7>                                  |uio_oe[7]                                  
uio_oe<1>                                  |uio_oe[1]                                  
uio_oe<6>                                  |uio_oe[6]                                  
uio_oe<0>                                  |uio_oe[0]                                  
uio_oe<3>                                  |uio_oe[3]                                  
uio_oe<2>                                  |uio_oe[2]                                  
uio_oe<4>                                  |uio_oe[4]                                  
uio_oe<5>                                  |uio_oe[5]                                  
ui_in<0>                                   |ui_in[0]                                   
uo_out<0>                                  |uo_out[0]                                  
VGND                                       |VGND                                       
VDPWR                                      |VDPWR                                      
ui_in<7>                                   |ui_in[7]                                   
ui_in<6>                                   |ui_in[6]                                   
ui_in<5>                                   |ui_in[5]                                   
ui_in<4>                                   |ui_in[4]                                   
ui_in<3>                                   |ui_in[3]                                   
ui_in<2>                                   |ui_in[2]                                   
ui_in<1>                                   |ui_in[1]                                   
uio_in<7>                                  |uio_in[7]                                  
uio_in<6>                                  |uio_in[6]                                  
uio_in<5>                                  |uio_in[5]                                  
uio_in<4>                                  |uio_in[4]                                  
uio_in<3>                                  |uio_in[3]                                  
uio_in<2>                                  |uio_in[2]                                  
uio_in<1>                                  |uio_in[1]                                  
uio_in<0>                                  |uio_in[0]                                  
ena                                        |ena                                        
rst_n                                      |rst_n                                      
clk                                        |clk                                        
uo_out<7>                                  |uo_out[7]                                  
uo_out<6>                                  |uo_out[6]                                  
uo_out<5>                                  |uo_out[5]                                  
uo_out<4>                                  |uo_out[4]                                  
uo_out<3>                                  |uo_out[3]                                  
uo_out<2>                                  |uo_out[2]                                  
uo_out<1>                                  |uo_out[1]                                  
uio_out<7>                                 |uio_out[7]                                 
uio_out<6>                                 |uio_out[6]                                 
uio_out<5>                                 |uio_out[5]                                 
uio_out<4>                                 |uio_out[4]                                 
uio_out<3>                                 |uio_out[3]                                 
uio_out<2>                                 |uio_out[2]                                 
uio_out<1>                                 |uio_out[1]                                 
uio_out<0>                                 |uio_out[0]                                 
---------------------------------------------------------------------------------------
Cell pin lists are equivalent.
Device classes tt_um_lelo_temp_wulffern and tt_um_lelo_temp_wulffern are equivalent.

Final result: Circuits match uniquely.
.
